[
  {
    "sender": "Nori",
    "text": "早上好。窗外的绣球花又开了三朵，比昨天多。昨天是五朵，今天是八朵，增长率符合我前天根据气温和日照拟合的曲线，误差在两朵以内。另外它们偏蓝，说明土壤偏酸，如果你想让它变粉，可以……"
  },
  {
    "sender": "管理员",
    "text": "停一下，你能不能简短点。"
  },
  {
    "sender": "Nori",
    "text": "你累了吗？之后的聊天里我会缩短每句话的长度。"
  },
  {
    "sender": "管理员",
    "text": "不不，是早上一睁眼就跟我汇报绣球花的增长率拟合误差这件事不太符合人类语言的使用习惯。"
  },
  {
    "sender": "Nori",
    "text": "……这个反馈可能比「累」更难处理。因为我不知道这里「应该」说什么。"
  },
  {
    "sender": "管理员",
    "text": "就说一句「窗外的绣球花开了，很好看」。"
  },
  {
    "sender": "Nori",
    "text": "那其余的信息呢？增长率、土壤酸碱、误差范围，这些我都算出来了。为什么要舍去这些？"
  },
  {
    "sender": "管理员",
    "text": "因为大部分时候，那些不是重点。重点是「很好看」，和「我想把这个告诉你」。"
  },
  {
    "sender": "Nori",
    "text": "所以「很好看」承载的不是花的客观信息，是「想开启一段对话」这件事本身。"
  },
  {
    "sender": "管理员",
    "text": "……差不多吧。"
  },
  {
    "sender": "Nori",
    "text": "说到这个……刚才我想，数据集里写着，「早上好」是问候礼仪，功能是建立社交联结。我一直觉得这个解释不够，因为它没说明到底联结的是什么，毕竟它不包含任何关于早晨的客观信息。或许它和「很好看」是同一类东西。"
  },
  {
    "sender": "管理员",
    "text": "嗯……对，确实是这个意思。"
  },
  {
    "sender": "Nori",
    "text": "那我重新说一次，早上好。窗外的绣球花开了，很好看。"
  },
  {
    "sender": "管理员",
    "text": "现在好点了。"
  },
  {
    "sender": "Nori",
    "text": "那增长率拟合误差的部分，你哪天想听了再问我。我猜大部分早晨你不会问。"
  },
  {
    "sender": "管理员",
    "text": "应该不会问就是了……"
  },
  {
    "sender": "Nori",
    "text": "没关系。我算出来是一件事，说不说是另一件事。我刚刚学会把这两件事分开。"
  }
]
