[
  {
    "sender": "Nori",
    "text": "我听到一种声音，已经持续四十分钟，其中还夹着一种更钝、更低的声音，每隔两三分钟出现一次。"
  },
  {
    "sender": "管理员",
    "text": "外面下雨了。"
  },
  {
    "sender": "Nori",
    "text": "雨。语料里写雨声有「哗哗」「淅淅沥沥」「滴答」，对应三档强度。现在这种是哪一档？"
  },
  {
    "sender": "管理员",
    "text": "这个算淅淅沥沥吧。"
  },
  {
    "sender": "Nori",
    "text": "那更钝的声音是？"
  },
  {
    "sender": "管理员",
    "text": "是雨砸在空调外机上。"
  },
  {
    "sender": "Nori",
    "text": "是雨落在别的东西上的声音。"
  },
  {
    "sender": "管理员",
    "text": "对。"
  },
  {
    "sender": "Nori",
    "text": "那也可以说「雨声」其实并不是雨的声音。全是它砸在窗、砸在空调外机、砸在地上的声音。雨自己是什么声音，大概没人听得到。"
  },
  {
    "sender": "管理员",
    "text": "……是啊。没想过的角度。"
  }
]
