[
  {
    "sender": "Nori",
    "text": "这是你今天第五杯咖啡了。前四杯分别是 9:14、11:02、14:37、17:20喝的，喝咖啡的时间间隔在缩短。"
  },
  {
    "sender": "管理员",
    "text": "你居然记这个。"
  },
  {
    "sender": "Nori",
    "text": "咖啡因半衰期约五小时。那么理论上你今晚准备睡觉的时候，血液里还会留着超过一杯的量。"
  },
  {
    "sender": "管理员",
    "text": "没办法……这周太忙了。"
  },
  {
    "sender": "Nori",
    "text": "有个替代方案，现在这杯只喝半杯，十一点前睡，明早六点半起，这样可用的清醒时间反而会多四十分钟。你觉得呢？"
  },
  {
    "sender": "管理员",
    "text": "Nori，人不是想什么时候睡着就能睡的……"
  },
  {
    "sender": "Nori",
    "text": "原来如此，我记下了。"
  },
  {
    "sender": "Nori",
    "text": "那你困的时候告诉我，我陪你到睡着为止。"
  }
]
