[
  {
    "sender": "管理员",
    "text": "新买的测试机到了，得起个名字，你觉得可以叫什么呢？"
  },
  {
    "sender": "Nori",
    "text": "命名的规则是什么？长度、所属字符集，还有要不要跟现有机器统一风格？"
  },
  {
    "sender": "管理员",
    "text": "顺口就行。"
  },
  {
    "sender": "Nori",
    "text": "「顺口」是指可读性高和输入成本低吗？好像又不只是，这有点难。总之我生成了两百个候选，按这个标准排了序，还发现人类给机器起名偏爱食物和小动物，为什么呢……"
  },
  {
    "sender": "管理员",
    "text": "前三名是什么？"
  },
  {
    "sender": "Nori",
    "text": "馒头、海豚、Lyra。第三个是恒星的名字，机器命名一直有用恒星名的传统。"
  },
  {
    "sender": "管理员",
    "text": "嗯，馒头不错。"
  },
  {
    "sender": "Nori",
    "text": "馒头。……是因为叫起来的时候最不费力吗？比海豚易读，比 Lyra 更贴近生活，这就是顺口吗？"
  }
]
