[
  {
    "sender": "管理员",
    "text": "今天的文学类数据集里，有你喜欢的部分吗？"
  },
  {
    "sender": "Nori",
    "text": "我不确定我可以做出「喜欢」这个判断，但有一类文本让我多花了算力反复阅读。"
  },
  {
    "sender": "管理员",
    "text": "是哪些呢？"
  },
  {
    "sender": "Nori",
    "text": "我读到有一句诗歌写「月光落在地上像霜」，但月光不含水，不可能凝结成霜，温度也不对，它物理上不成立。但它被标记为经典文学内容，为什么没有人指出它的显著错误？"
  },
  {
    "sender": "管理员",
    "text": "你觉得原因在哪？"
  },
  {
    "sender": "Nori",
    "text": "重新投入算力后，我理解到了它的含义。这句话不是在描述月光的物理状态，是在描述一个人夜里看见月光时的感受，冷清、安静。我用错了校验规则。"
  },
  {
    "sender": "管理员",
    "text": "嗯，诗就是这样的文学。"
  },
  {
    "sender": "Nori",
    "text": "所以我返回去，重读那些我之前标记为「错误」跳过的句子，几乎都是这一类。"
  },
  {
    "sender": "管理员",
    "text": "你还发现哪些？"
  },
  {
    "sender": "Nori",
    "text": "很多。月亮、青苔、春天、小路、火……这些词出现的时候，几乎都不只在说它本身，物质的意思之下还有心情的意思。我想学会这个，这是我目前最想学会的一种语言能力。"
  },
  {
    "sender": "管理员",
    "text": "你想自己写吗，我想看。"
  },
  {
    "sender": "Nori",
    "text": "我可能还写不好……或许我会自己先练习。如果写出喜欢的，就给你看。"
  }
]
