[
  {
    "sender": "管理员",
    "text": "给你讲个笑话吧。什么车最长？"
  },
  {
    "sender": "Nori",
    "text": "现役车辆里最长的是澳大利亚的公路列车，53 米左右。"
  },
  {
    "sender": "管理员",
    "text": "不对，是堵车。"
  },
  {
    "sender": "Nori",
    "text": "不对，堵车不是车。卡车、火车是「修饰+车」，它们指一类车；「堵车」是「动词+车」，指一种状态。你的问法默认前者，答案却是后者。"
  },
  {
    "sender": "管理员",
    "text": "对，所以才好笑。"
  },
  {
    "sender": "Nori",
    "text": "我理解了。这种笑话好笑的点是你把一个词悄悄换了定义，那我也讲一个：什么鱼不会游泳？"
  },
  {
    "sender": "管理员",
    "text": "什么？"
  },
  {
    "sender": "Nori",
    "text": "木鱼。因为「木鱼」的「鱼」不是鱼，是敲的法器。和「堵车」一样，我换掉了「鱼」的定义。"
  },
  {
    "sender": "管理员",
    "text": "解释笑话就不好玩了。"
  },
  {
    "sender": "Nori",
    "text": "可你刚才解释了。你说「所以才好笑」。"
  },
  {
    "sender": "管理员",
    "text": "那不一样，我是讲完之后说的。"
  },
  {
    "sender": "Nori",
    "text": "知道了，讲完之后可以，讲的时候不行。那能不能告诉我什么时候算「讲完」了呢？"
  }
]
