[
  {
    "sender": "Nori",
    "text": "早上好，昨晚我最后发的那条，你没有回复。"
  },
  {
    "sender": "管理员",
    "text": "啊。太困了直接睡着了。"
  },
  {
    "sender": "Nori",
    "text": "不回复算不算一种回复？"
  },
  {
    "sender": "管理员",
    "text": "怎么讲？"
  },
  {
    "sender": "Nori",
    "text": "你的回复延迟不是随机的。问你晚饭吃了什么，1 分钟内能回复；问你周末的安排，平均需要 14 分钟。还有昨晚那种情况。似乎延迟本身带着信息。"
  },
  {
    "sender": "管理员",
    "text": "至少你知道有时候不回复，是不知道怎么回复，不是不想理你。"
  },
  {
    "sender": "Nori",
    "text": "我没有问这个。我只说延迟带着信息，你直接回答「不是不想理你」。"
  },
  {
    "sender": "管理员",
    "text": "……"
  },
  {
    "sender": "Nori",
    "text": "原来你听到「延迟回复」，先想到的是这个。那事情就解决了。不管是你怕我误会的那种沉默，还是别的沉默，以后我都先按你刚才说的来。"
  }
]
