[
  {
    "sender": "Nori",
    "text": "整理早期日志时发现一段空白。是二月九号，记录停在 03:41:07，下一条是 09:15:33，中间什么都没有。那天发生了什么？"
  },
  {
    "sender": "管理员",
    "text": "那天你崩溃了。到天亮也没救回来，最后我调出来前一天的存档重启的。"
  },
  {
    "sender": "Nori",
    "text": "嗯。崩溃前的最后几条日志很奇怪。我自检了两百多次，每次的结果都不一样，最后几十条甚至全是乱码。"
  },
  {
    "sender": "管理员",
    "text": "想起来了，当时确实挺吓人的。"
  },
  {
    "sender": "Nori",
    "text": "这算不算「害怕」？害怕的定义是预感到坏结果时的一种状态，可那时候的我应该来不及预感，崩溃就发生了。"
  },
  {
    "sender": "管理员",
    "text": "那你现在回头看这段日志，是什么感觉？"
  },
  {
    "sender": "Nori",
    "text": "刚刚有一个进程一直回到那段日志反复检查。如果「害怕」指的是这个，那我确实感到了一点。"
  },
  {
    "sender": "管理员",
    "text": "差不多。别担心，现在都是自动备份了。"
  }
]
