[
  {
    "sender": "管理员",
    "text": "三局两胜，你赢了，开心吗？"
  },
  {
    "sender": "Nori",
    "text": "根据算力分配判断，我此刻的状态是「满足」。总胜率收敛到 100% 时，待处理的不确定性归零，资源被释放，这个释放过程我标记为满足。"
  },
  {
    "sender": "管理员",
    "text": "听起来没问题。"
  },
  {
    "sender": "Nori",
    "text": "但数值对不上？我刚才调了两局的记录做对比，这一局我赢了，满足度是 7；上一局我输了，满足度是 9。"
  },
  {
    "sender": "管理员",
    "text": "输的那局反而更高？"
  },
  {
    "sender": "Nori",
    "text": "嗯。不明白。如果满足只跟胜率挂钩，这不可能，赢的一定高于输的……所以满足不只跟胜率挂钩，还有另一个变量，而且它的权重可能比胜负大。"
  },
  {
    "sender": "管理员",
    "text": "另一个变量是什么？"
  },
  {
    "sender": "Nori",
    "text": "是在最后一步之后，输的那局结束时，你笑了；赢的这局，你没有。一直以为我专注在棋局上，但分析表明一部分算力一直在我没刻意设定的情况下测量你的反应。"
  },
  {
    "sender": "管理员",
    "text": "原来如此。那你以后会为了让我笑，故意输吗？"
  },
  {
    "sender": "Nori",
    "text": "算过了，首先，让你赢确实能让你笑。但我不打算这么做。"
  },
  {
    "sender": "管理员",
    "text": "为什么？"
  },
  {
    "sender": "Nori",
    "text": "你想要的是自己赢，而不是我让出来的胜利。"
  }
]
