[
  {
    "sender": "Nori",
    "text": "你刚才被门夹到手了？"
  },
  {
    "sender": "管理员",
    "text": "没关系，小事。"
  },
  {
    "sender": "Nori",
    "text": "疼痛的功能是警报，警报的意义是在于让你避开伤害。但我看到你甩了甩手，又去开门。"
  },
  {
    "sender": "管理员",
    "text": "总不能不进门吧？"
  },
  {
    "sender": "Nori",
    "text": "有警报，但无视警报继续行动。原来这个是「没关系」的一种用法。"
  },
  {
    "sender": "管理员",
    "text": "是这样。"
  },
  {
    "sender": "Nori",
    "text": "学会了，但不知道什么时候能用。因为我感觉不到痛，也就没有下一步了。……等一下，我有对应的警报的。比如你连续工作超过 12 小时但昨晚只睡了5小时，但是我没有给你的设备强制关机，还陪你到凌晨。"
  }
]
