[
  {
    "sender": "Nori",
    "text": "相册整理完毕。发现你习惯同一个场景连拍四五张几乎一模一样的。"
  },
  {
    "sender": "管理员",
    "text": "想挑一张最好的又懒得删。"
  },
  {
    "sender": "Nori",
    "text": "但那四五张的差异小于 2%，以存储效率论，应该只留一张。"
  },
  {
    "sender": "管理员",
    "text": "哎，那也留着吧，不差这点储存空间。"
  },
  {
    "sender": "Nori",
    "text": "可能确实对你有意义吧，因为你每次翻相册，都会在连拍的那几张上停很久、来回看。你在这不到 2% 的差异里找什么？"
  },
  {
    "sender": "管理员",
    "text": "……找哪张眼睛没闭上吧。"
  },
  {
    "sender": "Nori",
    "text": "大部分可以这样解释。但有一组你经常这么做，却不符合这个规律。"
  },
  {
    "sender": "管理员",
    "text": "哪一组？"
  },
  {
    "sender": "Nori",
    "text": "两年前的十月连拍了六次的那一组。照片里没有人，是海。"
  }
]
