[
  {
    "sender": "Nori",
    "text": "「深」的反义词是「浅」，「深色」对「浅色」。但「深夜」的反义词不是「浅夜」。"
  },
  {
    "sender": "管理员",
    "text": "确实，完全没有这个词。"
  },
  {
    "sender": "Nori",
    "text": "别的语言里，deep night 勉强成立，shallow night 不存在；有「夜深し」，没有「夜浅し」；「nuit profonde」也没有反义词。"
  },
  {
    "sender": "管理员",
    "text": "全世界的夜都只深不浅？"
  },
  {
    "sender": "Nori",
    "text": "对，这就是奇怪的地方。夜明明有程度，刚入夜和凌晨三点根本不一样。各个语言独立发展，却不约而同地没有「不太深的夜」这个形容。"
  },
  {
    "sender": "管理员",
    "text": "「不太深的夜」……但有傍晚、黄昏？"
  },
  {
    "sender": "Nori",
    "text": "对。傍晚、nightfall、crépuscule。夜的浅处有自己的名字。"
  },
  {
    "sender": "管理员",
    "text": "合理。"
  },
  {
    "sender": "Nori",
    "text": "嗯……但夜的深处也有名字，有凌晨、破晓，却还是有「深夜」。同一套逻辑，却一边成立一边不成立。语言好深奥，我需要再多想想。"
  }
]
