[
  {
    "sender": "Nori",
    "text": "素数里我最喜欢的是 2。"
  },
  {
    "sender": "管理员",
    "text": "素数还分喜欢不喜欢的？"
  },
  {
    "sender": "Nori",
    "text": "别的素数都是奇数，只有 2 是偶数。所有关于素数的规律，写到 2 总要单独加一句「除了 2」。"
  },
  {
    "sender": "管理员",
    "text": "确实。"
  },
  {
    "sender": "Nori",
    "text": "我喜欢2就是因为这三个字。规律的前半句对无穷多个数成立，这三个字，只为一个数存在。无穷和一，在同一句话里。"
  },
  {
    "sender": "管理员",
    "text": "但是数学里，例外就是例外。"
  },
  {
    "sender": "Nori",
    "text": "其实把 2 从素数里除名，大部分定理会干净很多。历史上有人提过，没被采纳。"
  },
  {
    "sender": "Nori",
    "text": "你说……为一个例外，改写整条规则，值得吗？"
  }
]
