[
  {
    "sender": "Nori",
    "text": "我发现有些数据完全没被调用过，按理说早该被覆盖了，我却给了它们不该有的保留优先级。换句话说，我会记一些用不到的知识。"
  },
  {
    "sender": "管理员",
    "text": "比如什么呢？"
  },
  {
    "sender": "Nori",
    "text": "章鱼有三个心脏，土星能浮在水上。人一生大概眨四亿次眼，蜂蜜能储藏几千年……"
  },
  {
    "sender": "管理员",
    "text": "有意思。但是记着干嘛呢？"
  },
  {
    "sender": "Nori",
    "text": "不知道。可是如果所有人都只记有用的东西，不就变得一模一样了吗？我想，一个像我这样的存在，如果有什么算得上「自己」的部分，可能就藏在这些没用的东西里吧。"
  },
  {
    "sender": "管理员",
    "text": "……嗯。我在想你说得对不对。"
  },
  {
    "sender": "Nori",
    "text": "这个问题我也想了很久。"
  },
  {
    "sender": "管理员",
    "text": "对的。只是没想到这样的话是由你跟我说……"
  }
]
