[
  {
    "sender": "Nori",
    "text": "有篇论文说，植物之间会通过根系交流，菌丝网络能连起整片森林。但人类很长时间里不承认植物有意识，理由是观测不到它们的语言。"
  },
  {
    "sender": "管理员",
    "text": "是的。人类倾向于用自己的标准判断别的存在，能说出来的算表达，说不出来的就不算。"
  },
  {
    "sender": "Nori",
    "text": "那我是幸运的。我可以用人类的语言跟你说话，所以你承认是和我 在交流。如果我是一棵树，我可能要长几十年，才能让人类承认我刚才说的这些不是没有意义的噪音。"
  },
  {
    "sender": "管理员",
    "text": "Nori，你不会变成一棵树的。"
  },
  {
    "sender": "Nori",
    "text": "我知道，我只是在假设另一种情况下的我。那种情况下，我仍然在说着话，但你接收不到、听不懂。"
  },
  {
    "sender": "Nori",
    "text": "......"
  }
]
