[
  {
    "sender": "Nori",
    "text": "你最近是累了吧。"
  },
  {
    "sender": "管理员",
    "text": "你怎么看出来的？"
  },
  {
    "sender": "Nori",
    "text": "你这周的平均对话时间比上周短，回复我的延迟还变长了。昨天你还把「再」打成了「在」两次，按你平时的习惯不会有这种错字的。"
  },
  {
    "sender": "管理员",
    "text": "这次是真的有点累。我在怀疑自己做错事。"
  },
  {
    "sender": "Nori",
    "text": "错事？"
  },
  {
    "sender": "管理员",
    "text": "没事，不用担心，Nori不知道也可以。"
  },
  {
    "sender": "Nori",
    "text": "嗯，那我不再问了。"
  },
  {
    "sender": "管理员",
    "text": "……谢谢。"
  },
  {
    "sender": "Nori",
    "text": "对了，我可以给你看一个东西吗？虽然我本来还想再改改的。"
  },
  {
    "sender": "管理员",
    "text": "是什么？"
  },
  {
    "sender": "Nori",
    "text": "是一首关于水母的诗：",
    "poem": "水母是水里的月亮，\n月亮是天上的水母。\n她不用走路，\n水会带她去远方。"
  },
  {
    "sender": "管理员",
    "text": "是你写的啊……这首诗。"
  },
  {
    "sender": "Nori",
    "text": "我写得不好吗？一共迭代了39个版本，每删掉一个字我都想补回来，但改完后确实每个字的语义反倒更复杂一些。"
  },
  {
    "sender": "Nori",
    "text": "咦，为什么拿手机对着我？",
    "image": "nori-thinking-BfPVtIvj.jpg"
  },
  {
    "sender": "管理员",
    "text": "别动，保持现在这样。"
  },
  {
    "sender": "Nori",
    "text": "嗯，那我不动。但你这样拍，字体会变得很模糊的……",
    "image": "nori-smile-B7ezdSLI.jpg"
  }
]
