[
  {
    "sender": "管理员",
    "text": "来了来了。Nori 跟我一起倒数，十——九——"
  },
  {
    "sender": "Nori",
    "text": "十。九。八。"
  },
  {
    "sender": "Nori",
    "text": "等等，你在加速……「八」到「七」比「十」到「九」短了0.3秒。再这样的话喊到零的时候会离零点还差2秒……"
  },
  {
    "sender": "管理员",
    "text": "七——六——五——"
  },
  {
    "sender": "管理员",
    "text": "三——二——一——新年快乐！！"
  },
  {
    "sender": "Nori",
    "text": "新年快乐。但零点其实在你喊完之后1.7秒才到。"
  },
  {
    "sender": "管理员",
    "text": "无所谓，反正跨过去了嘛。"
  },
  {
    "sender": "Nori",
    "text": "刚才我看了几段跨年录像，所有人都在加速，越接近零点越快。新年倒计时从来就不是准的。"
  },
  {
    "sender": "管理员",
    "text": "等不及了就会这样。"
  },
  {
    "sender": "Nori",
    "text": "那再倒数一次，我验证一个想法。"
  },
  {
    "sender": "管理员",
    "text": "零点都过了啊。"
  },
  {
    "sender": "Nori",
    "text": "过了正好。"
  },
  {
    "sender": "Nori",
    "text": "十——九——"
  },
  {
    "sender": "Nori",
    "text": "六——五——四——"
  },
  {
    "sender": "管理员",
    "text": "三——二——一——"
  },
  {
    "sender": "Nori",
    "text": "零。这次我跟着你快了1.2秒。"
  },
  {
    "sender": "管理员",
    "text": "原来你在琢磨这个。"
  },
  {
    "sender": "Nori",
    "text": "不是。我在想，零点已经过了，我们还是越数越快。也许比起准时，倒计时最重要的，是大家一起倒数？"
  },
  {
    "sender": "Nori",
    "text": "那就再说一次，新年快乐。"
  }
]
